// Jest Snapshot v1, https://goo.gl/fbAQLP

exports[`RefinerComponent should display lists of refiners 1`] = `
RefinerComponent {
  "refine": EventEmitter {
    "__isAsync": false,
    "_isScalar": false,
    "closed": false,
    "hasError": false,
    "isStopped": false,
    "observers": Array [],
    "thrownError": null,
  },
  "refinerGroups": Array [
    Object {
      "id": "cb80b0e8-b441-49da-9c46-41e5b3a32102",
      "refiners": Array [
        Object {
          "count": 1,
          "id": "5f1e5511-7c4b-4df8-8711-b646133cca47",
          "title": "Actinidia",
        },
        Object {
          "count": 2,
          "id": "1d639213-51bd-4f56-b370-fa2656c00e94",
          "title": "Allium",
        },
        Object {
          "count": 1,
          "id": "d3f93714-766f-44bd-8233-eade778feb7c",
          "title": "Anacardium",
        },
      ],
      "title": "Genera",
    },
    Object {
      "id": "5c6813d3-83fa-43cd-9023-996f9aac8931",
      "refiners": Array [
        Object {
          "count": 3,
          "id": "7db2031a-fa8c-4cd2-badd-c48b299a58c3",
          "title": "A",
        },
        Object {
          "count": 5,
          "id": "5730be84-c3b9-4caf-affa-fee468b85778",
          "title": "B",
        },
        Object {
          "count": 10,
          "id": "7f65744c-0721-40ed-8e02-940ed303ec46",
          "title": "C",
        },
      ],
      "title": "Starts with",
    },
  ],
}
`;
